== comparator fd5d5bcf14177b187f66d4502071268d877887c3
info: lean4export: materializing new dependency
info: lean4export: fetching revision '66f1fb4bc256072069767fce52d39480e4524869' from https://github.com/leanprover/lean4export
info: lean4export: checking out revision '66f1fb4bc256072069767fce52d39480e4524869'
✔ [3/20] Built Comparator.Util (1.1s)
✔ [4/20] Built Comparator.Util:c.o (208ms)
✔ [5/20] Built Export.Parse (3.4s)
✔ [6/20] Built Comparator.Axioms (871ms)
✔ [7/20] Built Comparator.Axioms:c.o (596ms)
✔ [8/20] Built Comparator.Compare (1.1s)
✔ [9/20] Built Export (6.0s)
✔ [10/20] Built Comparator (763ms)
✔ [11/20] Built Comparator.Compare:c.o (775ms)
✔ [12/20] Built Comparator:c.o (138ms)
✔ [13/20] Built Main (2.2s)
✔ [14/20] Built Main:c.o (284ms)
✔ [15/20] Built Main (2.9s)
✔ [16/20] Built Export.Parse:c.o (5.9s)
✔ [17/20] Built Export:c.o (3.9s)
✔ [18/20] Built Main:c.o (1.4s)
✔ [19/20] Built comparator:exe (2.6s)
✔ [20/20] Built lean4export:exe (4.1s)
Build completed successfully (20 jobs).
== landrun 811cfff51ceaf3d9843708aa6d22e9b84ccac8b4
go: downloading github.com/urfave/cli/v3 v3.6.2
go: downloading github.com/landlock-lsm/go-landlock v0.9.0
go: downloading golang.org/x/sys v0.40.0
go: downloading kernel.org/pub/linux/libs/security/libcap/psx v1.2.77
== nanoda_bin (Lean toolchain)
== SafeVerify b291b588a53999a7e837dda61c7dbfe8c550c814 + safeverify-v435.patch
info: SafeVerify: no previous manifest, creating one from scratch
info: Cli: materializing new dependency
info: Cli: fetching revision '843844fa601dd56767b1eb22b7ada5b64d5e567a' from https://github.com/leanprover/lean4-cli
info: Cli: checking out revision '843844fa601dd56767b1eb22b7ada5b64d5e567a'
info: toolchain not updated; already up-to-date
✔ [3/24] Built SafeVerify.Types (2.4s)
✔ [4/24] Built SafeVerify.CollectAxioms (2.4s)
✔ [5/24] Built SafeVerify.CollectAxioms:c.o (175ms)
✔ [6/24] Built SafeVerify.Types:c.o (237ms)
✔ [7/24] Built SafeVerify.Printing (1.9s)
✔ [8/24] Built SafeVerify.Util (2.0s)
✔ [9/24] Built SafeVerify.Printing:c.o (153ms)
✔ [10/24] Built SafeVerify.Monads (1.0s)
✔ [11/24] Built SafeVerify.Monads:c.o (146ms)
✔ [12/24] Built SafeVerify.Util:c.o (381ms)
✔ [13/24] Built SafeVerify (1.7s)
✔ [15/24] Built SafeVerify:c.o (89ms)
✔ [16/24] Built Cli.Basic (8.1s)
✔ [17/24] Built Cli.Extensions (699ms)
✔ [18/24] Built Cli (539ms)
✔ [19/24] Built Cli:c.o (116ms)
✔ [20/24] Built Cli.Extensions:c.o (830ms)
⚠ [21/24] Built Main (2.0s)
warning: Main.lean:160:16: `Lean.Environment.replay` has been deprecated: Use `Lean.Kernel.Environment.replay` instead

Note: The updated constant has a different type:
  HashMap Name ConstantInfo → Kernel.Environment → IO Kernel.Environment
instead of
  HashMap Name ConstantInfo → Environment → IO Environment

Note: The updated constant is in a different namespace. Dot notation may need to be changed (e.g., from `x.replay` to `Kernel.Environment.replay x`).
warning: Main.lean:205:16: `Lean.Environment.replay` has been deprecated: Use `Lean.Kernel.Environment.replay` instead

Note: The updated constant has a different type:
  HashMap Name ConstantInfo → Kernel.Environment → IO Kernel.Environment
instead of
  HashMap Name ConstantInfo → Environment → IO Environment

Note: The updated constant is in a different namespace. Dot notation may need to be changed (e.g., from `x.replay` to `Kernel.Environment.replay x`).
✔ [22/24] Built Cli.Basic:c.o (5.8s)
✔ [23/24] Built Main:c.o (2.1s)
✔ [24/24] Built safe_verify:exe (2.0s)
Build completed successfully (24 jobs).
== done: comparator landrun lean4export nanoda_bin safe_verify 
